// Jest Snapshot v1, https://goo.gl/fbAQLP

exports[`Spinner render correctly - Spinner component 1`] = `
<div
  className="Loader"
>
  Loading...
</div>
`;
